none
uplifting, soft, piano, startup, bass, easy-listening, beat, beautiful, fun, inspirational, instrumental, holiday, exciting, background, intense, upbeat, electric-guitar, guitar, acoustic-drums, carefree, travel, happy, city, presentation, peaceful, atmospheric, medium speed, gopro, synth, acoustic, pads, keys, tv-music, electronic, imovie
piano, calm, sad
fantasy, dream, epic, magic, uplifting, game, positive
renaissance, resurrection, hope, spirituality, peace
benny hill, cabaret, charleston, charlie chaplin, comedy
documentary, contemplative, cinematic, suspended, dreamy
advertising, background, beat, cars, commercial, cool, drive
action, advertising, clap, commercial, dynamic, energetic
cinematic, dark, moon, fantasy, forest, dream, magic
beat, lofi, lo-fi, peaceful, inspiration, summer, relaxing
yoga, spiritual, meditation, relaxation, indian, midfulness
slow, sentimental, sweet, melody, piano, classic, relaxing
light, piano, ambient, chill, relax, music, cuban
space, cosmos, film, cinematic, gaming, theme, music
action, bass, bouncy, catchy, disturbing, dynamic, electric
advertising, background, bright, catchy, cheerful
japan, cafe, no copyright, free to use, vlog music
hip hop, electronic, instrumental, regret, remorse, repent
classical piano, masterpiece, epic, impressive, magnificent
dead, skull, death, nature, empty, demon, rock, metal, punk
achievement, acoustic, advertising, background, business
advertising, ambient, beauty, big, business, chill out
serious, holiday, rock, hard-rock-and-metal, film, powerful, city, acoustic-drums, adventure, atmospheric, exciting, instrumental, intense, gopro, acoustic, medium-slow speed, guitar, aggressive, swagger, bass, dark, background, uplifting, angry, action, technology, electric-guitar, sport
travel, corporate, commercial, inspirational, carefree, medium speed, lifestyle, holiday, kids, peaceful, cute, food, lounge, nature, calm, acoustic, beach, beautiful, spanish, acoustic-guitar, sexy, hopeful, restaurant, easy-listening, happy, love, documentary, fashion, film, tv-music, solo-instrument, relaxed, soft, guitar, lullaby
tense, action, cute, dark, fantasy, percussion, acoustic-drums, kids, keys, playful, medium-fast speed, intense, holiday, solo-instrument, double-bass, medium speed, dramatic, synth, bouncy, easy-listening, instrumental, electronic, fun, organ, marimba, cartoons, scary, mystical, drama
subtle, commercial, inspirational, medium speed, background, holiday, peaceful, instrumental, calm, intro, acoustic, city, beautiful, atmospheric, static, piano, easy-listening, tv-music, romantic, solo-instrument, relaxed, soft, minimal, lifestyle
lounge, marimba, film, chill, static, ukulele, easy-listening, carefree, documentary, startup, adventure, atmospheric, podcast, exciting, midtempo, drums, instrumental, slideshow, acoustic, travel, bass, beat, imovie, intro, subtle, acoustic-guitar, corporate, playful, bouncy, background, business, synth, inspirational, tv-music, cute, uplifting, presentation, medium speed, hopeful, website, fun, commercial, relaxed, peaceful, interview, electric-guitar
film, city, acoustic-drums, orchestral, cello, funny, trumpet, uplifting, medium speed, brass, acoustic, instrumental, strings, playful, easy-listening, background, drums, adventure, upbeat, fun, atmospheric, games, tv-music, exciting, holiday
keys, background, romantic, atmospheric, slideshow, upbeat, relaxed, peaceful, medium speed, hopeful, food, film, beach, cute, corporate, surf, pulsing, trailer, easy-listening, beat, synth, instrumental, holiday, bouncy, presentation, percussion, commercial, startup, pads
corporate, tv-music, electronic-drums, pads, commercial, minimal, uplifting, exciting, instrumental, business, subtle, lifestyle, travel, beautiful, calm, peaceful, relaxed, happy, strings, startup, medium speed, atmospheric, upbeat, lounge, chill, holiday, background, piano, acoustic, inspirational, carefree, easy-listening, soft
carefree, acoustic-drums, lifestyle, relaxed, peaceful, medium speed, acoustic, instrumental, lounge, subtle, background, easy-listening, adventure, calm, beautiful, atmospheric, soft, tv-music, chill, travel, holiday, piano
jazz, film, acoustic-drums, saxophone, keys, instrumental, abstract, interview, beautiful, city, peaceful, relaxed, intro, medium speed, atmospheric, restaurant, lounge, chill, background, jazzy, imovie, romantic, acoustic, midtempo, easy-listening, soft
holiday, piano, pads, easy-listening, carefree, happy, pulsing, kids, adventure, electronic, cartoons, atmospheric, podcast, exciting, beautiful, games, drums, guitar, tambourine, enchanted, imovie, beat, subtle, acoustic-guitar, playful, bouncy, upbeat, background, synth, cute, uplifting, love, medium speed, soft, fun, peaceful, electric-guitar
pop, tv-music, travel, percussion, happy, carefree, atmospheric, guitar, keys, exciting, playful, holiday, intense, lifestyle, medium speed, inspirational, electronic-drums, synth, bouncy, easy-listening, instrumental, electronic, uplifting, acoustic-guitar, pads, beat, subtle, dance, background, upbeat, adventure, city
city, peaceful, holiday, relaxed, calm, romantic, jazz, acoustic-drums, easy-listening, soft, carefree, lifestyle, upbeat, acoustic, jazzy, medium-slow speed, piano, uplifting, cute, subtle, restaurant, background, playful, instrumental, chill, nightlife
documentary, pop, easy-listening, spiritual, inspirational, instrumental, lifestyle, holiday, christmas, film, adventure, background, commercial, drama, magic, upbeat, travel, carefree, corporate, orchestral, hopeful, chill, happy, drums, calm, cute, peaceful, fantasy, business, city, action, atmospheric, ethereal, medium speed, enchanted, playful, lounge, keys, tv-music, bells, relaxed, imovie
bass, relaxed, calm, nature-sounds, soft, documentary, vocals, hypnotic, female-vocals, electronic-drums, static, ambient, nature, downtempo, slow speed, pads, atmospheric, meditation, abstract, electronic, keys, chill
tense, action, trap-1, dark, powerful, slow-motion, techno, film, battle, sci-fi, atmospheric, suspense, intense, trailer, medium speed, patriotic, dramatic, epic, synth, sport, electronic, pads, technology, beat, angry, bass, pulsing, background, drama
minimal, pads, startup, carefree, romantic, ambient-sounds, meditation, lifestyle, ambient-rock, relaxed, peaceful, medium speed, drone, acoustic, gopro, instrumental, strings, static, lounge, subtle, background, easy-listening, acoustic-guitar, calm, beautiful, ambient, atmospheric, soft, guitar, slow-motion, tv-music, chill, hopeful, synth, holiday
subtle, travel, imovie, inspirational, adventure, carefree, background, holiday, peaceful, drone, ambient-sounds, instrumental, ambient, calm, acoustic, upbeat, beautiful, podcast, acoustic-guitar, uplifting, atmospheric, hopeful, easy-listening, film, tv-music, romantic, medium-slow speed, relaxed, soft, guitar, lifestyle
ethereal, space, medium speed, sci-fi, website, easy-listening, soft, drone, ambient-sounds, beat, ambient, interview, upbeat, science, technology, slideshow, pads, atmospheric, business, lounge, presentation, uplifting, subtle, inspirational, background, enchanted, synth, electronic, fashion
pop, presentation, imovie, travel, food, percussion, happy, claps, carefree, slideshow, atmospheric, keys, exciting, lifestyle, holiday, drone, surf, glamour, beach, medium speed, driving, synth, bouncy, electronic, uplifting, fun, pads, tambourine, beat, bass, website, pulsing, subtle, background, upbeat, city
uplifting, soft, piano, startup, bass, easy-listening, beat, beautiful, fun, inspirational, instrumental, holiday, exciting, background, intense, upbeat, electric-guitar, guitar, acoustic-drums, carefree, travel, happy, city, presentation, peaceful, atmospheric, medium speed, gopro, synth, acoustic, pads, keys, tv-music, electronic, imovie